2026-02-27 05:18:08,748 WARNING database DDL Query made to DB:
create table `tabCRM Lead Status` (
			name varchar(140) primary key,
			creation datetime(6),
			modified datetime(6),
			modified_by varchar(140),
			owner varchar(140),
			docstatus tinyint not null default '0',
			idx int not null default '0',
			`lead_status` varchar(140) UNIQUE,
`color` varchar(140) DEFAULT 'gray',
`position` int(11) NOT NULL DEFAULT 1,
`_user_tags` text,
`_comments` text,
`_assign` text,
`_liked_by` text,
index creation(creation),
index modified(modified))
			ENGINE=InnoDB
			ROW_FORMAT=DYNAMIC
			CHARACTER SET=utf8mb4
			COLLATE=utf8mb4_unicode_ci
2026-02-27 05:18:08,900 WARNING database DDL Query made to DB:
create table `tabLeadGen Job` (
			name varchar(140) primary key,
			creation datetime(6),
			modified datetime(6),
			modified_by varchar(140),
			owner varchar(140),
			docstatus tinyint not null default '0',
			idx int not null default '0',
			`job_type` varchar(140),
`status` varchar(140) DEFAULT 'Queued',
`params` json,
`started_at` datetime(6),
`ended_at` datetime(6),
`log` longtext,
`result_file` text,
`bookmark` varchar(140),
`progress` decimal(21,9) NOT NULL DEFAULT 0.0,
`records_processed` int(11) NOT NULL DEFAULT 0,
`total_records` int(11) NOT NULL DEFAULT 0,
`_user_tags` text,
`_comments` text,
`_assign` text,
`_liked_by` text,
index creation(creation))
			ENGINE=InnoDB
			ROW_FORMAT=DYNAMIC
			CHARACTER SET=utf8mb4
			COLLATE=utf8mb4_unicode_ci
2026-02-27 05:18:09,009 WARNING database DDL Query made to DB:
create table `tabCRM Global Settings` (
			name varchar(140) primary key,
			creation datetime(6),
			modified datetime(6),
			modified_by varchar(140),
			owner varchar(140),
			docstatus tinyint not null default '0',
			idx int not null default '0',
			`dt` varchar(140) DEFAULT 'DocType',
`type` varchar(140),
`json` json,
`_user_tags` text,
`_comments` text,
`_assign` text,
`_liked_by` text,
index creation(creation))
			ENGINE=InnoDB
			ROW_FORMAT=DYNAMIC
			CHARACTER SET=utf8mb4
			COLLATE=utf8mb4_unicode_ci
2026-02-27 05:18:09,236 WARNING database DDL Query made to DB:
create table `tabCRM Import Job` (
			name varchar(140) primary key,
			creation datetime(6),
			modified datetime(6),
			modified_by varchar(140),
			owner varchar(140),
			docstatus tinyint not null default '0',
			idx int not null default '0',
			`title` varchar(140),
`source_type` varchar(140) DEFAULT 'CSV',
`file_url` varchar(140),
`sheet_id` varchar(140),
`sheet_range` varchar(140),
`mapping_profile` varchar(140),
`dedupe` tinyint(4) NOT NULL DEFAULT 1,
`create_custom_fields` tinyint(4) NOT NULL DEFAULT 0,
`link_organization` tinyint(4) NOT NULL DEFAULT 1,
`status` varchar(140),
`total_rows` int(11) NOT NULL DEFAULT 0,
`processed_rows` int(11) NOT NULL DEFAULT 0,
`error_file` text,
`log` text,
`scheduled` tinyint(4) NOT NULL DEFAULT 0,
`interval_minutes` int(11) NOT NULL DEFAULT 60,
`last_run` datetime(6),
`_user_tags` text,
`_comments` text,
`_assign` text,
`_liked_by` text,
index creation(creation))
			ENGINE=InnoDB
			ROW_FORMAT=DYNAMIC
			CHARACTER SET=utf8mb4
			COLLATE=utf8mb4_unicode_ci
2026-02-27 05:18:09,343 WARNING database DDL Query made to DB:
create table `tabCRM Service Level Priority` (
			name varchar(140) primary key,
			creation datetime(6),
			modified datetime(6),
			modified_by varchar(140),
			owner varchar(140),
			docstatus tinyint not null default '0',
			idx int not null default '0',
			`default_priority` tinyint(4) NOT NULL DEFAULT 0,
`priority` varchar(140),
`first_response_time` decimal(21,9),
parent varchar(140),
parentfield varchar(140),
parenttype varchar(140),
index parent(parent))
			ENGINE=InnoDB
			ROW_FORMAT=DYNAMIC
			CHARACTER SET=utf8mb4
			COLLATE=utf8mb4_unicode_ci
2026-02-27 05:18:09,520 WARNING database DDL Query made to DB:
create table `tabCRM Lead Source` (
			name varchar(140) primary key,
			creation datetime(6),
			modified datetime(6),
			modified_by varchar(140),
			owner varchar(140),
			docstatus tinyint not null default '0',
			idx int not null default '0',
			`source_name` varchar(140) UNIQUE,
`details` longtext,
`_user_tags` text,
`_comments` text,
`_assign` text,
`_liked_by` text,
index creation(creation),
index modified(modified))
			ENGINE=InnoDB
			ROW_FORMAT=DYNAMIC
			CHARACTER SET=utf8mb4
			COLLATE=utf8mb4_unicode_ci
2026-02-27 05:18:09,647 WARNING database DDL Query made to DB:
create table `tabCRM Form Script` (
			name varchar(140) primary key,
			creation datetime(6),
			modified datetime(6),
			modified_by varchar(140),
			owner varchar(140),
			docstatus tinyint not null default '0',
			idx int not null default '0',
			`dt` varchar(140),
`view` varchar(140) DEFAULT 'Form',
`enabled` tinyint(4) NOT NULL DEFAULT 0,
`is_standard` tinyint(4) NOT NULL DEFAULT 0,
`script` longtext DEFAULT 'function setupForm({ doc }) {\n    return {\n        actions: [],\n    }\n}',
`_user_tags` text,
`_comments` text,
`_assign` text,
`_liked_by` text,
index creation(creation),
index modified(modified))
			ENGINE=InnoDB
			ROW_FORMAT=DYNAMIC
			CHARACTER SET=utf8mb4
			COLLATE=utf8mb4_unicode_ci
2026-02-27 05:18:09,830 WARNING database DDL Query made to DB:
create table `tabCRM Fields Layout` (
			name varchar(140) primary key,
			creation datetime(6),
			modified datetime(6),
			modified_by varchar(140),
			owner varchar(140),
			docstatus tinyint not null default '0',
			idx int not null default '0',
			`dt` varchar(140),
`type` varchar(140),
`layout` longtext,
`_user_tags` text,
`_comments` text,
`_assign` text,
`_liked_by` text,
index creation(creation))
			ENGINE=InnoDB
			ROW_FORMAT=DYNAMIC
			CHARACTER SET=utf8mb4
			COLLATE=utf8mb4_unicode_ci
2026-02-27 05:18:09,972 WARNING database DDL Query made to DB:
create table `tabLead Prospect` (
			name varchar(140) primary key,
			creation datetime(6),
			modified datetime(6),
			modified_by varchar(140),
			owner varchar(140),
			docstatus tinyint not null default '0',
			idx int not null default '0',
			`pi_name` varchar(140),
`pi_email` varchar(140),
`phone` varchar(140),
`institution` varchar(140),
`source` varchar(140),
`source_ref_id` varchar(140),
`cancer_type` varchar(140),
`endpoint_summary` longtext,
`funding_total` decimal(21,9) NOT NULL DEFAULT 0.0,
`h_index` int(11) NOT NULL DEFAULT 0,
`recent_papers` longtext,
`lead_score` int(11) NOT NULL DEFAULT 0,
`tier` varchar(140) DEFAULT 'Tier 3',
`raw` json,
`linked_lead` varchar(140),
`linked_contact` varchar(140),
`linked_organization` varchar(140),
`outreach_status` varchar(140) DEFAULT 'Not Started',
`last_email_sent` datetime(6),
`last_reply_received` datetime(6),
`notes` longtext,
`_user_tags` text,
`_comments` text,
`_assign` text,
`_liked_by` text,
index creation(creation))
			ENGINE=InnoDB
			ROW_FORMAT=DYNAMIC
			CHARACTER SET=utf8mb4
			COLLATE=utf8mb4_unicode_ci
2026-02-27 05:18:10,114 WARNING database DDL Query made to DB:
create table `tabCRM Service Level Agreement` (
			name varchar(140) primary key,
			creation datetime(6),
			modified datetime(6),
			modified_by varchar(140),
			owner varchar(140),
			docstatus tinyint not null default '0',
			idx int not null default '0',
			`apply_on` varchar(140),
`sla_name` varchar(140) UNIQUE,
`enabled` tinyint(4) NOT NULL DEFAULT 0,
`default` tinyint(4) NOT NULL DEFAULT 0,
`start_date` date,
`end_date` date,
`condition` longtext,
`holiday_list` varchar(140),
`_user_tags` text,
`_comments` text,
`_assign` text,
`_liked_by` text,
index creation(creation),
index modified(modified))
			ENGINE=InnoDB
			ROW_FORMAT=DYNAMIC
			CHARACTER SET=utf8mb4
			COLLATE=utf8mb4_unicode_ci
2026-02-27 05:18:10,251 WARNING database DDL Query made to DB:
create sequence if not exists crm_task_id_seq nocache nocycle
2026-02-27 05:18:10,281 WARNING database DDL Query made to DB:
create table `tabCRM Task` (
			name bigint primary key,
			creation datetime(6),
			modified datetime(6),
			modified_by varchar(140),
			owner varchar(140),
			docstatus tinyint not null default '0',
			idx int not null default '0',
			`title` varchar(140),
`priority` varchar(140),
`start_date` date,
`reference_doctype` varchar(140) DEFAULT 'CRM Lead',
`reference_docname` varchar(140),
`assigned_to` varchar(140),
`status` varchar(140),
`due_date` datetime(6),
`description` longtext,
`_user_tags` text,
`_comments` text,
`_assign` text,
`_liked_by` text,
index creation(creation),
index modified(modified))
			ENGINE=InnoDB
			ROW_FORMAT=DYNAMIC
			CHARACTER SET=utf8mb4
			COLLATE=utf8mb4_unicode_ci
2026-02-27 05:18:10,459 WARNING database DDL Query made to DB:
create table `tabCRM Import Column Map Item` (
			name varchar(140) primary key,
			creation datetime(6),
			modified datetime(6),
			modified_by varchar(140),
			owner varchar(140),
			docstatus tinyint not null default '0',
			idx int not null default '0',
			`source_header` varchar(140),
`target_doctype` varchar(140),
`target_field` varchar(140),
`transform` text,
parent varchar(140),
parentfield varchar(140),
parenttype varchar(140),
index parent(parent))
			ENGINE=InnoDB
			ROW_FORMAT=DYNAMIC
			CHARACTER SET=utf8mb4
			COLLATE=utf8mb4_unicode_ci
2026-02-27 05:18:10,633 WARNING database DDL Query made to DB:
create table `tabCRM Telephony Phone` (
			name varchar(140) primary key,
			creation datetime(6),
			modified datetime(6),
			modified_by varchar(140),
			owner varchar(140),
			docstatus tinyint not null default '0',
			idx int not null default '0',
			`number` varchar(140),
`is_primary` tinyint(4) NOT NULL DEFAULT 0,
parent varchar(140),
parentfield varchar(140),
parenttype varchar(140),
index parent(parent))
			ENGINE=InnoDB
			ROW_FORMAT=DYNAMIC
			CHARACTER SET=utf8mb4
			COLLATE=utf8mb4_unicode_ci
2026-02-27 05:18:10,789 WARNING database DDL Query made to DB:
create table `tabCRM Industry` (
			name varchar(140) primary key,
			creation datetime(6),
			modified datetime(6),
			modified_by varchar(140),
			owner varchar(140),
			docstatus tinyint not null default '0',
			idx int not null default '0',
			`industry` varchar(140) UNIQUE,
`_user_tags` text,
`_comments` text,
`_assign` text,
`_liked_by` text,
index creation(creation),
index modified(modified))
			ENGINE=InnoDB
			ROW_FORMAT=DYNAMIC
			CHARACTER SET=utf8mb4
			COLLATE=utf8mb4_unicode_ci
2026-02-27 05:18:10,922 WARNING database DDL Query made to DB:
create table `tabOutreach Step` (
			name varchar(140) primary key,
			creation datetime(6),
			modified datetime(6),
			modified_by varchar(140),
			owner varchar(140),
			docstatus tinyint not null default '0',
			idx int not null default '0',
			`sequence` varchar(140),
`step_name` varchar(140),
`step_order` int(11) NOT NULL DEFAULT 0,
`offset_days` int(11) NOT NULL DEFAULT 0,
`template_type` varchar(140),
`subject_template` longtext,
`body_template` longtext,
`conditions` json,
`active` tinyint(4) NOT NULL DEFAULT 1,
`max_retries` int(11) NOT NULL DEFAULT 3,
`retry_delay_hours` int(11) NOT NULL DEFAULT 24,
`_user_tags` text,
`_comments` text,
`_assign` text,
`_liked_by` text,
index creation(creation))
			ENGINE=InnoDB
			ROW_FORMAT=DYNAMIC
			CHARACTER SET=utf8mb4
			COLLATE=utf8mb4_unicode_ci
2026-02-27 05:18:11,029 WARNING database DDL Query made to DB:
create table `tabCRM Lost Reason` (
			name varchar(140) primary key,
			creation datetime(6),
			modified datetime(6),
			modified_by varchar(140),
			owner varchar(140),
			docstatus tinyint not null default '0',
			idx int not null default '0',
			`lost_reason` varchar(140) UNIQUE,
`description` longtext,
`_user_tags` text,
`_comments` text,
`_assign` text,
`_liked_by` text,
index creation(creation))
			ENGINE=InnoDB
			ROW_FORMAT=DYNAMIC
			CHARACTER SET=utf8mb4
			COLLATE=utf8mb4_unicode_ci
2026-02-27 05:18:11,180 WARNING database DDL Query made to DB:
create table `tabCRM Call Log` (
			name varchar(140) primary key,
			creation datetime(6),
			modified datetime(6),
			modified_by varchar(140),
			owner varchar(140),
			docstatus tinyint not null default '0',
			idx int not null default '0',
			`telephony_medium` varchar(140),
`id` varchar(140) UNIQUE,
`from` varchar(140),
`status` varchar(140),
`duration` decimal(21,9),
`medium` varchar(140),
`start_time` datetime(6),
`reference_doctype` varchar(140) DEFAULT 'CRM Lead',
`reference_docname` varchar(140),
`to` varchar(140),
`type` varchar(140),
`receiver` varchar(140),
`caller` varchar(140),
`recording_url` varchar(140),
`end_time` datetime(6),
`note` varchar(140),
`_user_tags` text,
`_comments` text,
`_assign` text,
`_liked_by` text,
index creation(creation),
index modified(modified))
			ENGINE=InnoDB
			ROW_FORMAT=DYNAMIC
			CHARACTER SET=utf8mb4
			COLLATE=utf8mb4_unicode_ci
2026-02-27 05:18:11,538 WARNING database DDL Query made to DB:
create table `tabCRM Dropdown Item` (
			name varchar(140) primary key,
			creation datetime(6),
			modified datetime(6),
			modified_by varchar(140),
			owner varchar(140),
			docstatus tinyint not null default '0',
			idx int not null default '0',
			`name1` varchar(140) UNIQUE,
`label` varchar(140),
`type` varchar(140),
`route` varchar(140),
`open_in_new_window` tinyint(4) NOT NULL DEFAULT 1,
`hidden` tinyint(4) NOT NULL DEFAULT 0,
`is_standard` tinyint(4) NOT NULL DEFAULT 0,
`icon` longtext,
parent varchar(140),
parentfield varchar(140),
parenttype varchar(140),
index parent(parent))
			ENGINE=InnoDB
			ROW_FORMAT=DYNAMIC
			CHARACTER SET=utf8mb4
			COLLATE=utf8mb4_unicode_ci
2026-02-27 05:18:11,764 WARNING database DDL Query made to DB:
create table `tabCRM Lead` (
			name varchar(140) primary key,
			creation datetime(6),
			modified datetime(6),
			modified_by varchar(140),
			owner varchar(140),
			docstatus tinyint not null default '0',
			idx int not null default '0',
			`organization` varchar(140),
`website` varchar(140),
`territory` varchar(140),
`industry` varchar(140),
`job_title` varchar(140),
`source` varchar(140),
`lead_owner` varchar(140),
`salutation` varchar(140),
`first_name` varchar(140),
`last_name` varchar(140),
`email` varchar(140),
`mobile_no` varchar(140),
`naming_series` varchar(140) DEFAULT 'CRM-LEAD-.YYYY.-',
`lead_name` varchar(140),
`middle_name` varchar(140),
`gender` varchar(140),
`phone` varchar(140),
`status` varchar(140) DEFAULT 'New',
`no_of_employees` varchar(140),
`annual_revenue` decimal(21,9) NOT NULL DEFAULT 0.0,
`image` text,
`converted` tinyint(4) NOT NULL DEFAULT 0,
`total` decimal(21,9) NOT NULL DEFAULT 0.0,
`net_total` decimal(21,9) NOT NULL DEFAULT 0.0,
`sla` varchar(140),
`sla_creation` datetime(6),
`sla_status` varchar(140),
`communication_status` varchar(140) DEFAULT 'Open',
`response_by` datetime(6),
`first_response_time` decimal(21,9),
`first_responded_on` datetime(6),
`_user_tags` text,
`_comments` text,
`_assign` text,
`_liked_by` text,
index `email`(`email`),
index `lead_name`(`lead_name`),
index `status`(`status`),
index creation(creation),
index modified(modified))
			ENGINE=InnoDB
			ROW_FORMAT=DYNAMIC
			CHARACTER SET=utf8mb4
			COLLATE=utf8mb4_unicode_ci
2026-02-27 05:18:12,615 WARNING database DDL Query made to DB:
ALTER TABLE `tabEmail Template` ADD COLUMN `enabled` tinyint(4) NOT NULL DEFAULT 0, ADD COLUMN `reference_doctype` varchar(140)
