2025-08-28 22:53:54,059 ERROR frappe Unable to load translations
Site: crm.localhost
Form Dict: {}
Traceback (most recent call last):
  File "/Users/fahadkiani/Desktop/development/crm-develop/frappe-bench/apps/frappe/frappe/utils/caching.py", line 65, in wrapper
    return _cache[func][args_key]
           ~~~~~~~~~~~~^^^^^^^^^^
KeyError: ((), <object object at 0x102e48e60>, frozenset({('_ensure_on_bench', True)}))

During handling of the above exception, another exception occurred:

Traceback (most recent call last):
  File "/Users/fahadkiani/Desktop/development/crm-develop/frappe-bench/apps/frappe/frappe/app.py", line 102, in application
    init_request(request)
    ~~~~~~~~~~~~^^^^^^^^^
  File "/Users/fahadkiani/Desktop/development/crm-develop/frappe-bench/apps/frappe/frappe/app.py", line 178, in init_request
    frappe.init(site, sites_path=_sites_path, force=True)
    ~~~~~~~~~~~^^^^^^^^^^^^^^^^^^^^^^^^^^^^^^^^^^^^^^^^^^
  File "/Users/fahadkiani/Desktop/development/crm-develop/frappe-bench/apps/frappe/frappe/__init__.py", line 208, in init
    setup_module_map(include_all_apps=not (frappe.request or frappe.job or frappe.flags.in_migrate))
    ~~~~~~~~~~~~~~~~^^^^^^^^^^^^^^^^^^^^^^^^^^^^^^^^^^^^^^^^^^^^^^^^^^^^^^^^^^^^^^^^^^^^^^^^^^^^^^^^
  File "/Users/fahadkiani/Desktop/development/crm-develop/frappe-bench/apps/frappe/frappe/__init__.py", line 1036, in setup_module_map
    apps = get_installed_apps(_ensure_on_bench=True)
  File "/Users/fahadkiani/Desktop/development/crm-develop/frappe-bench/apps/frappe/frappe/utils/caching.py", line 71, in wrapper
    return_val = func(*args, **kwargs)
  File "/Users/fahadkiani/Desktop/development/crm-develop/frappe-bench/apps/frappe/frappe/__init__.py", line 916, in get_installed_apps
    installed = orjson.loads(db.get_global("installed_apps") or "[]")
                             ~~~~~~~~~~~~~^^^^^^^^^^^^^^^^^^
  File "/Users/fahadkiani/Desktop/development/crm-develop/frappe-bench/apps/frappe/frappe/database/database.py", line 1144, in get_global
    return self.get_default(key, user)
           ~~~~~~~~~~~~~~~~^^^^^^^^^^^
  File "/Users/fahadkiani/Desktop/development/crm-develop/frappe-bench/apps/frappe/frappe/database/database.py", line 1148, in get_default
    d = self.get_defaults(key, parent)
  File "/Users/fahadkiani/Desktop/development/crm-develop/frappe-bench/apps/frappe/frappe/database/database.py", line 1164, in get_defaults
    defaults = frappe.defaults.get_defaults_for(parent)
  File "/Users/fahadkiani/Desktop/development/crm-develop/frappe-bench/apps/frappe/frappe/defaults.py", line 249, in get_defaults_for
    .run(as_dict=True)
     ~~~^^^^^^^^^^^^^^
  File "/Users/fahadkiani/Desktop/development/crm-develop/frappe-bench/apps/frappe/frappe/query_builder/utils.py", line 85, in execute_query
    result = frappe.local.db.sql(query, params, *args, **kwargs)  # nosemgrep
  File "/Users/fahadkiani/Desktop/development/crm-develop/frappe-bench/apps/frappe/frappe/database/database.py", line 271, in sql
    self.execute_query(query, values)
    ~~~~~~~~~~~~~~~~~~^^^^^^^^^^^^^^^
  File "/Users/fahadkiani/Desktop/development/crm-develop/frappe-bench/apps/frappe/frappe/database/database.py", line 365, in execute_query
    return self._cursor.execute(query, values)
           ~~~~~~~~~~~~~~~~~~~~^^^^^^^^^^^^^^^
  File "/Users/fahadkiani/Desktop/development/crm-develop/frappe-bench/env/lib/python3.13/site-packages/MySQLdb/cursors.py", line 179, in execute
    res = self._query(mogrified_query)
  File "/Users/fahadkiani/Desktop/development/crm-develop/frappe-bench/env/lib/python3.13/site-packages/MySQLdb/cursors.py", line 330, in _query
    db.query(q)
    ~~~~~~~~^^^
  File "/Users/fahadkiani/Desktop/development/crm-develop/frappe-bench/env/lib/python3.13/site-packages/MySQLdb/connections.py", line 280, in query
    _mysql.connection.query(self, query)
    ~~~~~~~~~~~~~~~~~~~~~~~^^^^^^^^^^^^^
MySQLdb.ProgrammingError: (1146, "Table 'crm_db.tabdefaultvalue' doesn't exist")

During handling of the above exception, another exception occurred:

Traceback (most recent call last):
  File "/Users/fahadkiani/Desktop/development/crm-develop/frappe-bench/apps/frappe/frappe/utils/caching.py", line 65, in wrapper
    return _cache[func][args_key]
           ~~~~~~~~~~~~^^^^^^^^^^
KeyError: ((), <object object at 0x102e48e60>, frozenset({('_ensure_on_bench', True)}))

During handling of the above exception, another exception occurred:

Traceback (most recent call last):
  File "/Users/fahadkiani/Desktop/development/crm-develop/frappe-bench/apps/frappe/frappe/translate.py", line 174, in get_all_translations
    return frappe.cache.hget(MERGED_TRANSLATION_KEY, lang, generator=_merge_translations)
           ~~~~~~~~~~~~~~~~~^^^^^^^^^^^^^^^^^^^^^^^^^^^^^^^^^^^^^^^^^^^^^^^^^^^^^^^^^^^^^
  File "/Users/fahadkiani/Desktop/development/crm-develop/frappe-bench/apps/frappe/frappe/utils/redis_wrapper.py", line 253, in hget
    value = generator()
  File "/Users/fahadkiani/Desktop/development/crm-develop/frappe-bench/apps/frappe/frappe/translate.py", line 162, in _merge_translations
    all_translations.update(get_translations_from_apps(lang))
                            ~~~~~~~~~~~~~~~~~~~~~~~~~~^^^^^^
  File "/Users/fahadkiani/Desktop/development/crm-develop/frappe-bench/apps/frappe/frappe/translate.py", line 189, in get_translations_from_apps
    for app in apps or frappe.get_installed_apps(_ensure_on_bench=True):
                       ~~~~~~~~~~~~~~~~~~~~~~~~~^^^^^^^^^^^^^^^^^^^^^^^
  File "/Users/fahadkiani/Desktop/development/crm-develop/frappe-bench/apps/frappe/frappe/utils/caching.py", line 71, in wrapper
    return_val = func(*args, **kwargs)
  File "/Users/fahadkiani/Desktop/development/crm-develop/frappe-bench/apps/frappe/frappe/__init__.py", line 916, in get_installed_apps
    installed = orjson.loads(db.get_global("installed_apps") or "[]")
                             ~~~~~~~~~~~~~^^^^^^^^^^^^^^^^^^
  File "/Users/fahadkiani/Desktop/development/crm-develop/frappe-bench/apps/frappe/frappe/database/database.py", line 1144, in get_global
    return self.get_default(key, user)
           ~~~~~~~~~~~~~~~~^^^^^^^^^^^
  File "/Users/fahadkiani/Desktop/development/crm-develop/frappe-bench/apps/frappe/frappe/database/database.py", line 1148, in get_default
    d = self.get_defaults(key, parent)
  File "/Users/fahadkiani/Desktop/development/crm-develop/frappe-bench/apps/frappe/frappe/database/database.py", line 1164, in get_defaults
    defaults = frappe.defaults.get_defaults_for(parent)
  File "/Users/fahadkiani/Desktop/development/crm-develop/frappe-bench/apps/frappe/frappe/defaults.py", line 249, in get_defaults_for
    .run(as_dict=True)
     ~~~^^^^^^^^^^^^^^
  File "/Users/fahadkiani/Desktop/development/crm-develop/frappe-bench/apps/frappe/frappe/query_builder/utils.py", line 85, in execute_query
    result = frappe.local.db.sql(query, params, *args, **kwargs)  # nosemgrep
  File "/Users/fahadkiani/Desktop/development/crm-develop/frappe-bench/apps/frappe/frappe/database/database.py", line 271, in sql
    self.execute_query(query, values)
    ~~~~~~~~~~~~~~~~~~^^^^^^^^^^^^^^^
  File "/Users/fahadkiani/Desktop/development/crm-develop/frappe-bench/apps/frappe/frappe/database/database.py", line 365, in execute_query
    return self._cursor.execute(query, values)
           ~~~~~~~~~~~~~~~~~~~~^^^^^^^^^^^^^^^
  File "/Users/fahadkiani/Desktop/development/crm-develop/frappe-bench/env/lib/python3.13/site-packages/MySQLdb/cursors.py", line 179, in execute
    res = self._query(mogrified_query)
  File "/Users/fahadkiani/Desktop/development/crm-develop/frappe-bench/env/lib/python3.13/site-packages/MySQLdb/cursors.py", line 330, in _query
    db.query(q)
    ~~~~~~~~^^^
  File "/Users/fahadkiani/Desktop/development/crm-develop/frappe-bench/env/lib/python3.13/site-packages/MySQLdb/connections.py", line 280, in query
    _mysql.connection.query(self, query)
    ~~~~~~~~~~~~~~~~~~~~~~~^^^^^^^^^^^^^
MySQLdb.ProgrammingError: (1146, "Table 'crm_db.tabdefaultvalue' doesn't exist")
2025-08-28 22:53:54,076 ERROR frappe Unable to load translations
Site: crm.localhost
Form Dict: {}
Traceback (most recent call last):
  File "/Users/fahadkiani/Desktop/development/crm-develop/frappe-bench/apps/frappe/frappe/utils/caching.py", line 65, in wrapper
    return _cache[func][args_key]
           ~~~~~~~~~~~~^^^^^^^^^^
KeyError: ((), <object object at 0x102e48e60>, frozenset({('_ensure_on_bench', True)}))

During handling of the above exception, another exception occurred:

Traceback (most recent call last):
  File "/Users/fahadkiani/Desktop/development/crm-develop/frappe-bench/apps/frappe/frappe/app.py", line 102, in application
    init_request(request)
    ~~~~~~~~~~~~^^^^^^^^^
  File "/Users/fahadkiani/Desktop/development/crm-develop/frappe-bench/apps/frappe/frappe/app.py", line 178, in init_request
    frappe.init(site, sites_path=_sites_path, force=True)
    ~~~~~~~~~~~^^^^^^^^^^^^^^^^^^^^^^^^^^^^^^^^^^^^^^^^^^
  File "/Users/fahadkiani/Desktop/development/crm-develop/frappe-bench/apps/frappe/frappe/__init__.py", line 208, in init
    setup_module_map(include_all_apps=not (frappe.request or frappe.job or frappe.flags.in_migrate))
    ~~~~~~~~~~~~~~~~^^^^^^^^^^^^^^^^^^^^^^^^^^^^^^^^^^^^^^^^^^^^^^^^^^^^^^^^^^^^^^^^^^^^^^^^^^^^^^^^
  File "/Users/fahadkiani/Desktop/development/crm-develop/frappe-bench/apps/frappe/frappe/__init__.py", line 1036, in setup_module_map
    apps = get_installed_apps(_ensure_on_bench=True)
  File "/Users/fahadkiani/Desktop/development/crm-develop/frappe-bench/apps/frappe/frappe/utils/caching.py", line 71, in wrapper
    return_val = func(*args, **kwargs)
  File "/Users/fahadkiani/Desktop/development/crm-develop/frappe-bench/apps/frappe/frappe/__init__.py", line 916, in get_installed_apps
    installed = orjson.loads(db.get_global("installed_apps") or "[]")
                             ~~~~~~~~~~~~~^^^^^^^^^^^^^^^^^^
  File "/Users/fahadkiani/Desktop/development/crm-develop/frappe-bench/apps/frappe/frappe/database/database.py", line 1144, in get_global
    return self.get_default(key, user)
           ~~~~~~~~~~~~~~~~^^^^^^^^^^^
  File "/Users/fahadkiani/Desktop/development/crm-develop/frappe-bench/apps/frappe/frappe/database/database.py", line 1148, in get_default
    d = self.get_defaults(key, parent)
  File "/Users/fahadkiani/Desktop/development/crm-develop/frappe-bench/apps/frappe/frappe/database/database.py", line 1164, in get_defaults
    defaults = frappe.defaults.get_defaults_for(parent)
  File "/Users/fahadkiani/Desktop/development/crm-develop/frappe-bench/apps/frappe/frappe/defaults.py", line 249, in get_defaults_for
    .run(as_dict=True)
     ~~~^^^^^^^^^^^^^^
  File "/Users/fahadkiani/Desktop/development/crm-develop/frappe-bench/apps/frappe/frappe/query_builder/utils.py", line 85, in execute_query
    result = frappe.local.db.sql(query, params, *args, **kwargs)  # nosemgrep
  File "/Users/fahadkiani/Desktop/development/crm-develop/frappe-bench/apps/frappe/frappe/database/database.py", line 271, in sql
    self.execute_query(query, values)
    ~~~~~~~~~~~~~~~~~~^^^^^^^^^^^^^^^
  File "/Users/fahadkiani/Desktop/development/crm-develop/frappe-bench/apps/frappe/frappe/database/database.py", line 365, in execute_query
    return self._cursor.execute(query, values)
           ~~~~~~~~~~~~~~~~~~~~^^^^^^^^^^^^^^^
  File "/Users/fahadkiani/Desktop/development/crm-develop/frappe-bench/env/lib/python3.13/site-packages/MySQLdb/cursors.py", line 179, in execute
    res = self._query(mogrified_query)
  File "/Users/fahadkiani/Desktop/development/crm-develop/frappe-bench/env/lib/python3.13/site-packages/MySQLdb/cursors.py", line 330, in _query
    db.query(q)
    ~~~~~~~~^^^
  File "/Users/fahadkiani/Desktop/development/crm-develop/frappe-bench/env/lib/python3.13/site-packages/MySQLdb/connections.py", line 280, in query
    _mysql.connection.query(self, query)
    ~~~~~~~~~~~~~~~~~~~~~~~^^^^^^^^^^^^^
MySQLdb.ProgrammingError: (1146, "Table 'crm_db.tabdefaultvalue' doesn't exist")

During handling of the above exception, another exception occurred:

Traceback (most recent call last):
  File "/Users/fahadkiani/Desktop/development/crm-develop/frappe-bench/apps/frappe/frappe/utils/caching.py", line 65, in wrapper
    return _cache[func][args_key]
           ~~~~~~~~~~~~^^^^^^^^^^
KeyError: ((), <object object at 0x102e48e60>, frozenset({('_ensure_on_bench', True)}))

During handling of the above exception, another exception occurred:

Traceback (most recent call last):
  File "/Users/fahadkiani/Desktop/development/crm-develop/frappe-bench/apps/frappe/frappe/translate.py", line 174, in get_all_translations
    return frappe.cache.hget(MERGED_TRANSLATION_KEY, lang, generator=_merge_translations)
           ~~~~~~~~~~~~~~~~~^^^^^^^^^^^^^^^^^^^^^^^^^^^^^^^^^^^^^^^^^^^^^^^^^^^^^^^^^^^^^
  File "/Users/fahadkiani/Desktop/development/crm-develop/frappe-bench/apps/frappe/frappe/utils/redis_wrapper.py", line 253, in hget
    value = generator()
  File "/Users/fahadkiani/Desktop/development/crm-develop/frappe-bench/apps/frappe/frappe/translate.py", line 162, in _merge_translations
    all_translations.update(get_translations_from_apps(lang))
                            ~~~~~~~~~~~~~~~~~~~~~~~~~~^^^^^^
  File "/Users/fahadkiani/Desktop/development/crm-develop/frappe-bench/apps/frappe/frappe/translate.py", line 189, in get_translations_from_apps
    for app in apps or frappe.get_installed_apps(_ensure_on_bench=True):
                       ~~~~~~~~~~~~~~~~~~~~~~~~~^^^^^^^^^^^^^^^^^^^^^^^
  File "/Users/fahadkiani/Desktop/development/crm-develop/frappe-bench/apps/frappe/frappe/utils/caching.py", line 71, in wrapper
    return_val = func(*args, **kwargs)
  File "/Users/fahadkiani/Desktop/development/crm-develop/frappe-bench/apps/frappe/frappe/__init__.py", line 916, in get_installed_apps
    installed = orjson.loads(db.get_global("installed_apps") or "[]")
                             ~~~~~~~~~~~~~^^^^^^^^^^^^^^^^^^
  File "/Users/fahadkiani/Desktop/development/crm-develop/frappe-bench/apps/frappe/frappe/database/database.py", line 1144, in get_global
    return self.get_default(key, user)
           ~~~~~~~~~~~~~~~~^^^^^^^^^^^
  File "/Users/fahadkiani/Desktop/development/crm-develop/frappe-bench/apps/frappe/frappe/database/database.py", line 1148, in get_default
    d = self.get_defaults(key, parent)
  File "/Users/fahadkiani/Desktop/development/crm-develop/frappe-bench/apps/frappe/frappe/database/database.py", line 1164, in get_defaults
    defaults = frappe.defaults.get_defaults_for(parent)
  File "/Users/fahadkiani/Desktop/development/crm-develop/frappe-bench/apps/frappe/frappe/defaults.py", line 249, in get_defaults_for
    .run(as_dict=True)
     ~~~^^^^^^^^^^^^^^
  File "/Users/fahadkiani/Desktop/development/crm-develop/frappe-bench/apps/frappe/frappe/query_builder/utils.py", line 85, in execute_query
    result = frappe.local.db.sql(query, params, *args, **kwargs)  # nosemgrep
  File "/Users/fahadkiani/Desktop/development/crm-develop/frappe-bench/apps/frappe/frappe/database/database.py", line 271, in sql
    self.execute_query(query, values)
    ~~~~~~~~~~~~~~~~~~^^^^^^^^^^^^^^^
  File "/Users/fahadkiani/Desktop/development/crm-develop/frappe-bench/apps/frappe/frappe/database/database.py", line 365, in execute_query
    return self._cursor.execute(query, values)
           ~~~~~~~~~~~~~~~~~~~~^^^^^^^^^^^^^^^
  File "/Users/fahadkiani/Desktop/development/crm-develop/frappe-bench/env/lib/python3.13/site-packages/MySQLdb/cursors.py", line 179, in execute
    res = self._query(mogrified_query)
  File "/Users/fahadkiani/Desktop/development/crm-develop/frappe-bench/env/lib/python3.13/site-packages/MySQLdb/cursors.py", line 330, in _query
    db.query(q)
    ~~~~~~~~^^^
  File "/Users/fahadkiani/Desktop/development/crm-develop/frappe-bench/env/lib/python3.13/site-packages/MySQLdb/connections.py", line 280, in query
    _mysql.connection.query(self, query)
    ~~~~~~~~~~~~~~~~~~~~~~~^^^^^^^^^^^^^
MySQLdb.ProgrammingError: (1146, "Table 'crm_db.tabdefaultvalue' doesn't exist")
